{
  "aaa": "bbbb",
  "bbb": "cccc",
  "eee": "ffff",
  "foo": {
    "baz": {
      "aaa": "bbbb"
    }
  },
  "one": {
    "two": "three"
  }
}