{
  "expected-sortby-page-property-desc": {
    "name": "tags",
    "inflection": "tag",
    "sortorder": "DESC",
    "sortby": "title",
    "items": [
      {
        "tag": "feature",
        "pages": [
          {
            "data": {
              "title": "z"
            }
          },
          {
            "data": {
              "title": "y"
            }
          },
          {
            "data": {
              "title": "x"
            }
          }
        ]
      },
      {
        "tag": "priority",
        "pages": [
          {
            "data": {
              "title": "w"
            }
          },
          {
            "data": {
              "title": "m"
            }
          },
          {
            "data": {
              "title": "d"
            }
          }
        ]
      },
      {
        "tag": "bug",
        "pages": [
          {
            "data": {
              "title": "c"
            }
          },
          {
            "data": {
              "title": "b"
            }
          },
          {
            "data": {
              "title": "a"
            }
          }
        ]
      }
    ]
  },
  "fakecollection": {
    "name": "tags",
    "inflection": "tag",
    "sortorder": "ASC",
    "sortby": "",
    "items": [
      {
        "tag": "feature",
        "pages": [
          {
            "data": {
              "title": "z"
            }
          },
          {
            "data": {
              "title": "x"
            }
          },
          {
            "data": {
              "title": "y"
            }
          }
        ]
      },
      {
        "tag": "bug",
        "pages": [
          {
            "data": {
              "title": "a"
            }
          },
          {
            "data": {
              "title": "b"
            }
          },
          {
            "data": {
              "title": "c"
            }
          }
        ]
      },
      {
        "tag": "priority",
        "pages": [
          {
            "data": {
              "title": "m"
            }
          },
          {
            "data": {
              "title": "d"
            }
          },
          {
            "data": {
              "title": "w"
            }
          }
        ]
      }
    ]
  },
  "home": {
    "title": "Home",
    "description": "Welcome to my amazing and mysterious site!"
  },
  "options": {
    "metadata": {},
    "content": "{{partial 'options'}}",
    "originalContent": "{{partial 'options'}}"
  },
  "page-context": {
    "metadata": {
      "title": "This title is from the PAGE YFM (page-yfm.hbs)",
      "description": "This description is from the PAGE YFM"
    },
    "content": "{{partial 'partial-yfm' this}}\n{{partial 'partial-yfm' page}}",
    "originalContent": "---\ntitle: This title is from the PAGE YFM (page-yfm.hbs)\ndescription: This description is from the PAGE YFM\n---\n{{partial 'partial-yfm' this}}\n{{partial 'partial-yfm' page}}"
  },
  "page-yfm": {
    "metadata": {
      "title": "This title is from the PAGE YFM (page-yfm.hbs)",
      "description": "This description is from the PAGE YFM"
    },
    "content": "{{partial 'page-yfm'}}",
    "originalContent": "---\ntitle: This title is from the PAGE YFM (page-yfm.hbs)\ndescription: This description is from the PAGE YFM\n---\n{{partial 'page-yfm'}}"
  },
  "partial-data-file": {
    "metadata": {
      "title": "This title is from the PAGE YFM (partial-data-file.hbs)",
      "description": "This description is from the PAGE YFM"
    },
    "content": "{{partial 'partial-data-file'}}",
    "originalContent": "---\ntitle: This title is from the PAGE YFM (partial-data-file.hbs)\ndescription: This description is from the PAGE YFM\n---\n{{partial 'partial-data-file'}}"
  },
  "partial-yfm-lodash": {
    "metadata": {
      "title": "This title is from the PAGE YFM (partial-yfm.hbs)",
      "description": "This description is from the PAGE YFM"
    },
    "content": "{{partial 'partial-yfm-lodash'}}",
    "originalContent": "---\ntitle: This title is from the PAGE YFM (partial-yfm.hbs)\ndescription: This description is from the PAGE YFM\n---\n{{partial 'partial-yfm-lodash'}}"
  },
  "partial-yfm": {
    "metadata": {
      "title": "This title is from the PAGE YFM (partial-yfm.hbs)",
      "description": "This description is from the PAGE YFM"
    },
    "content": "{{partial 'partial-yfm'}}",
    "originalContent": "---\ntitle: This title is from the PAGE YFM (partial-yfm.hbs)\ndescription: This description is from the PAGE YFM\n---\n{{partial 'partial-yfm'}}"
  },
  "profound": {
    "metadata": {},
    "content": "# Profound\n\n> This is another include",
    "originalContent": "# Profound\n\n> This is another include"
  },
  "quetz": {
    "metadata": {},
    "content": "# Quetz\n\n> This is an include",
    "originalContent": "# Quetz\n\n> This is an include"
  }
}