{
  "de": {
    "select-language": "Wählen Sie eine Sprache"
  },
  "en": {
    "name": "baaaaar",
    "es": "bar",
    "de": {
      "select-language": "Wählen Sie eine Sprache"
    },
    "fi": {
      "select-language": "Valitse kieli"
    },
    "he": {
      "select-language": "בחר את השפה"
    },
    "hi": {
      "select-language": "भाषा चुनें"
    },
    "ja": {
      "select-language": "言語を選択する"
    },
    "ml": {
      "select-language": "ഭാഷ തിരഞ്ഞെടുക്കുക"
    },
    "nl": {
      "select-language": "Selecteer taal"
    },
    "ta": {
      "name": "foooo",
      "select-language": "மொழி தேர்வு"
    }
  },
  "es": {
    "foo": "bar",
    "select-language": "Seleccione el idioma"
  },
  "fi": {
    "select-language": "Valitse kieli"
  },
  "he": {
    "select-language": "בחר את השפה"
  },
  "hi": {
    "select-language": "भाषा चुनें"
  },
  "ja": {
    "select-language": "言語を選択する"
  },
  "ml": {
    "select-language": "ഭാഷ തിരഞ്ഞെടുക്കുക"
  },
  "nl": {
    "select-language": "Selecteer taal"
  },
  "ta": {
    "name": "foooo",
    "select-language": "மொழி தேர்வு"
  }
}