{
  "a": "This value is from a.json",
  "b": "This value is from b.json",
  "c": "This value is from c.json"
}
