{
  "a": "This value is from a.json",
  "b": "This value is from b.json",
  "c": "This value is from cde.json in property c",
  "d": "This value is from cde.json in property d",
  "e": "This value is from cde.json in property e"
}
